20:50:13 **** Incremental Build of configuration Debug for project marin ****
make -j12 all 
arm-none-eabi-gcc "../Core/Src/main.c" -mcpu=cortex-m3 -std=gnu11 -g3 -DDEBUG -DUSE_HAL_DRIVER -DSTM32F103xB -c -I../Core/Inc -I../Drivers/STM32F1xx_HAL_Driver/Inc/Legacy -I../Drivers/STM32F1xx_HAL_Driver/Inc -I../Drivers/CMSIS/Device/ST/STM32F1xx/Include -I../Drivers/CMSIS/Include -O0 -ffunction-sections -fdata-sections -Wall -fstack-usage -MMD -MP -MF"Core/Src/main.d" -MT"Core/Src/main.o" --specs=nano.specs -mfloat-abi=soft -mthumb -o "Core/Src/main.o"
arm-none-eabi-gcc -o "marin.elf" @"objects.list"   -mcpu=cortex-m3 -T"D:\STM32\test\marin\STM32F103RBTX_FLASH.ld" --specs=nosys.specs -Wl,-Map="marin.map" -Wl,--gc-sections -static --specs=nano.specs -mfloat-abi=soft -mthumb -Wl,--start-group -lc -lm -Wl,--end-group
Finished building target: marin.elf
 
arm-none-eabi-size   marin.elf 
arm-none-eabi-objdump -h -S  marin.elf  > "marin.list"
   text	   data	    bss	    dec	    hex	filename
   7920	     24	   1640	   9584	   2570	marin.elf
Finished building: default.size.stdout
 
Finished building: marin.list
 

20:50:14 Build Finished. 0 errors, 0 warnings. (took 1s.227ms)

