21:26:31 **** Incremental Build of configuration Debug for project pwm_servo ****
make -j12 all 
arm-none-eabi-gcc "../Core/Src/main.c" -mcpu=cortex-m3 -std=gnu11 -g3 -DDEBUG -DUSE_HAL_DRIVER -DSTM32F103xB -c -I../Core/Inc -I../Drivers/STM32F1xx_HAL_Driver/Inc -I../Drivers/STM32F1xx_HAL_Driver/Inc/Legacy -I../Drivers/CMSIS/Device/ST/STM32F1xx/Include -I../Drivers/CMSIS/Include -O0 -ffunction-sections -fdata-sections -Wall -fstack-usage -MMD -MP -MF"Core/Src/main.d" -MT"Core/Src/main.o" --specs=nano.specs -mfloat-abi=soft -mthumb -o "Core/Src/main.o"
../Core/Src/main.c:97:8: warning: 'HAL_UART_RxCpltCallback' defined but not used [-Wunused-function]
   97 |   void HAL_UART_RxCpltCallback(UART_HandleTypeDef *huart)
      |        ^~~~~~~~~~~~~~~~~~~~~~~
arm-none-eabi-gcc -o "pwm_servo.elf" @"objects.list"   -mcpu=cortex-m3 -T"D:\STM32\workspace_1.10.1\pwm_servo\STM32F103RBTX_FLASH.ld" --specs=nosys.specs -Wl,-Map="pwm_servo.map" -Wl,--gc-sections -static --specs=nano.specs -mfloat-abi=soft -mthumb -Wl,--start-group -lc -lm -Wl,--end-group
Finished building target: pwm_servo.elf
 
arm-none-eabi-size   pwm_servo.elf 
arm-none-eabi-objdump -h -S  pwm_servo.elf  > "pwm_servo.list"
   text	   data	    bss	    dec	    hex	filename
  11452	     20	   1780	  13252	   33c4	pwm_servo.elf
Finished building: default.size.stdout
 
Finished building: pwm_servo.list
 

21:26:32 Build Finished. 0 errors, 1 warnings. (took 840ms)

