../Core/Src/main.c:68:6:ringbuff_init	4	static
../Core/Src/main.c:87:5:main	8	static
../Core/Src/main.c:131:6:moter_control	16	static
../Core/Src/main.c:178:6:USART1_IRQHaldler	8	static
../Core/Src/main.c:182:6:HAL_UART_RxCpltCallback	16	static
../Core/Src/main.c:200:6:SystemClock_Config	72	static
../Core/Src/main.c:239:13:MX_TIM2_Init	48	static
../Core/Src/main.c:288:13:MX_USART1_UART_Init	8	static
../Core/Src/main.c:321:13:MX_USART2_UART_Init	8	static
../Core/Src/main.c:354:13:MX_GPIO_Init	40	static
../Core/Src/main.c:394:6:Error_Handler	4	static,ignoring_inline_asm
